<?xml version="1.0" encoding="UTF-8" ?>
<testsuites name="vitest tests" tests="1" failures="1" errors="0" time="0.0043741">
    <testsuite name="blog-site/src/App.test.jsx" timestamp="2026-06-06T10:52:59.916Z" hostname="nomad-ThinkSmart-Core" tests="1" failures="1" errors="0" skipped="0" time="0.0043741">
        <testcase classname="blog-site/src/App.test.jsx" name="renders blog name from props" time="0.003526845">
            <failure message="document is not defined" type="ReferenceError">
ReferenceError: document is not defined
 ❯ render node_modules/@testing-library/react/dist/pure.js:256:5
 ❯ blog-site/src/App.test.jsx:7:3
            </failure>
        </testcase>
    </testsuite>
</testsuites>
